// Jest Snapshot v1, https://goo.gl/fbAQLP

exports[`AllMonsters renders OneMonsterItem correctly 1`] = `
Array [
  <h1
    className="AllMonsters__Headline-sc-8qeyzf-0 kSodLq"
  >
    Monsters of DnD
  </h1>,
  <input
    className="AllMonsters__Input-sc-8qeyzf-1 dkMQrm"
    onChange={[Function]}
    placeholder="Search for Monster"
    type="text"
    value=""
  />,
  <div
    className="sc-AxjAm kdOkKT"
  >
    <div
      className="sc-AxirZ zJNrh"
    >
      <h2
        className="sc-AxiKw bMJRoL"
      >
        Monstername
      </h2>
      <div
        className="sc-AxhCb ZaNiK"
      >
        <p
          className="sc-AxhUy cLsmCN"
        >
          type
        </p>
        <p
          className="sc-AxgMl bnYzSD"
        >
          CR: 
          00
        </p>
      </div>
    </div>
    <a
      aria-current={null}
      href="/monster/monstername"
      onClick={[Function]}
    >
      <img
        alt="view details"
        className="sc-AxheI eKqwNu"
        src="list.png"
      />
    </a>
  </div>,
]
`;
