// Jest Snapshot v1, https://goo.gl/fbAQLP

exports[`AllMonsters renders OneMonsterItem correctly 1`] = `
Array [
  <header
    className="AllMonsters__Header-sc-8qeyzf-0 iTyJER"
  >
    <h1
      className="AllMonsters__Headline-sc-8qeyzf-2 hElxVk"
    >
      Monsters of DnD
    </h1>
    <input
      className="AllMonsters__Input-sc-8qeyzf-3 cUVJaY"
      onChange={[Function]}
      placeholder="Search for Monster"
      type="text"
      value=""
    />
  </header>,
  <main
    className="AllMonsters__Main-sc-8qeyzf-1 cfHHgp"
  >
    <div
      className="sc-AxjAm dLSYMf"
    >
      <div
        className="sc-AxirZ CVuNr"
      >
        <h2
          className="sc-AxiKw cUhBKK"
        >
          Monstername
        </h2>
        <div
          className="sc-AxhCb ceVZWe"
        >
          <div
            className="sc-AxhUy gWaiz"
          >
            <p
              className="sc-AxgMl iKoGXN"
            >
              type
            </p>
            <p
              className="sc-AxheI bQSAct"
            />
          </div>
          <p
            className="sc-Axmtr VxVIM"
          >
            CR:
            00
          </p>
        </div>
      </div>
      <a
        aria-current={null}
        href="/monster/monstername"
        onClick={[Function]}
      >
        <img
          alt="view details"
          className="sc-AxmLO kLvddQ"
          src="book.png"
        />
      </a>
    </div>
  </main>,
]
`;
