// Jest Snapshot v1, https://goo.gl/fbAQLP

exports[`AllMonsters renders OneMonsterItem correctly 1`] = `
Array [
  <h1
    className="AllMonsters__HeadlineStyled-sc-1uiuvl1-0 iFooKo"
  >
    Monsters of DnD
  </h1>,
  <a
    href="/monster/monstername"
    onClick={[Function]}
  >
    <div
      className="sc-AxjAm bJwxCz"
    >
      <h2
        className="sc-AxirZ LmuKL"
      >
        Monstername
      </h2>
      <div
        className="sc-AxiKw jmqPVm"
      >
        <p
          className="sc-AxhCb lozTuO"
        >
          type
        </p>
        <p
          className="sc-AxhUy gMQjRs"
        >
          00
        </p>
      </div>
    </div>
  </a>,
]
`;
