// Jest Snapshot v1, https://goo.gl/fbAQLP

exports[`AllMonsters renders OneMonsterItem correctly 1`] = `
Array [
  <h1
    className="AllMonsters__HeadlineStyled-sc-1uiuvl1-0 gvNaaB"
  >
    Monsters of DnD
  </h1>,
  <div
    className="sc-AxjAm kdOkKT"
  >
    <div
      className="sc-AxirZ zJNrh"
    >
      <h2
        className="sc-AxiKw iKIKrz"
      >
        Monstername
      </h2>
      <div
        className="sc-AxhCb ZaNiK"
      >
        <p
          className="sc-AxhUy lmzmNk"
        >
          type
        </p>
        <p
          className="sc-AxgMl fMxjYK"
        >
          CR: 
          00
        </p>
      </div>
    </div>
    <a
      aria-current={null}
      href="/monster/monstername"
      onClick={[Function]}
    >
      <img
        alt="view details"
        className="sc-AxheI hJAYtv"
        src="list.png"
      />
    </a>
  </div>,
]
`;
